=== v3  Term T=0.3730900000  N0=10 ===
[Gate 1A] φ 网格上界 = 3.1415926535897936  (> π = 3.141592653589793)  ⟹ [0,PI_UP] ⊇ [0,π] ✓
[Gate 1A] r 端点: 0.0 / 1.0 精确 ✓；φ 端点: 0.0 / PI_UP ✓（无 float 偷换数学端点）
  P1 完成: 771,664 盒 / 终端 385,832 / 3s
[Gate 1A] 终端盒总体积 = 31.006276680300；初始域体积(1·1·PI_UP³) = 31.006276680300
[Gate 1A] 体积相等(精确) = True  ⟹ ✅ 铺砌无缝无叠
  终端铺砌 sha256[:32] = 6195e20e3d77e520998d65fe62597021

[Gate 1B] 区间验证开始（385,832 盒）...
   ... 40,000/385,832  当前最小余量 3.553e-07  138s
   ... 80,000/385,832  当前最小余量 3.553e-07  281s
   ... 120,000/385,832  当前最小余量 3.553e-07  422s
   ... 160,000/385,832  当前最小余量 3.553e-07  563s
   ... 200,000/385,832  当前最小余量 3.553e-07  705s
   ... 240,000/385,832  当前最小余量 3.553e-07  847s
   ... 280,000/385,832  当前最小余量 3.553e-07  990s
   ... 320,000/385,832  当前最小余量 3.553e-07  1134s
   ... 360,000/385,832  当前最小余量 3.553e-07  1282s

[Gate 1B] 完成: 验证 385,832 | 违反 0 | 最小余量 3.774862e-10 | 1379s
[Gate 1B] ★ 最危险格 id=384376  LB_IV=0.373090000377  余量=3.774862e-10
[Gate 1B]   五维区间 lo=[0.7905197143554689, 0.8302108764648438, 0.3427799912779519, 2.5781950660291324, 1.4505346298696438]
[Gate 1B]            hi=[0.7905212402343751, 0.83021240234375, 0.342782388122933, 2.578196264451623, 1.4505370267146247]

[Gate 2] 区间层双实现抽样 2001 盒（含最危险格）：
   最大 |LB_A^IV − LB_B^IV| = 4.441e-16  | 中位 = 5.551e-17  | 15s
   两者对 T 判定一致 = True
  已存 /tmp/t1iv3_result.json
