=== v3  Term T=0.3730918000  N0=10 ===
[Gate 1A] φ 网格上界 = 3.1415926535897936  (> π = 3.141592653589793)  ⟹ [0,PI_UP] ⊇ [0,π] ✓
[Gate 1A] r 端点: 0.0 / 1.0 精确 ✓；φ 端点: 0.0 / PI_UP ✓（无 float 偷换数学端点）
  P1 完成: 818,342 盒 / 终端 409,171 / 3s
[Gate 1A] 终端盒总体积 = 31.006276680300；初始域体积(1·1·PI_UP³) = 31.006276680300
[Gate 1A] 体积相等(精确) = True  ⟹ ✅ 铺砌无缝无叠
  终端铺砌 sha256[:32] = 0d69780a7d3b6374d0ddb13c81e5b8a5

[Gate 1B] 区间验证开始（409,171 盒）...
   ... 40,000/409,171  当前最小余量 3.776e-06  138s
   ... 80,000/409,171  当前最小余量 3.776e-06  277s
   ... 120,000/409,171  当前最小余量 3.776e-06  416s
   ... 160,000/409,171  当前最小余量 3.776e-06  557s
   ... 200,000/409,171  当前最小余量 3.776e-06  700s
   ... 240,000/409,171  当前最小余量 3.776e-06  840s
   ... 280,000/409,171  当前最小余量 3.337e-06  981s
   ... 320,000/409,171  当前最小余量 3.337e-06  1124s
   ... 360,000/409,171  当前最小余量 1.834e-07  1273s
   ... 400,000/409,171  当前最小余量 4.574e-11  1421s

[Gate 1B] 完成: 验证 409,171 | 违反 0 | 最小余量 4.573825e-11 | 1455s
[Gate 1B] ★ 最危险格 id=379970  LB_IV=0.373091800046  余量=4.573825e-11
[Gate 1B]   五维区间 lo=[0.83021240234375, 0.7905334472656251, 0.34277759443297084, 1.4505322330246626, 2.5781710975793213]
[Gate 1B]            hi=[0.8302185058593751, 0.79053955078125, 0.34278718181289514, 1.4505418204045868, 2.5781806849592455]

[Gate 2] 区间层双实现抽样 2001 盒（含最危险格）：
   最大 |LB_A^IV − LB_B^IV| = 4.441e-16  | 中位 = 5.551e-17  | 15s
   两者对 T 判定一致 = True
  已存 /tmp/t1iv3_result.json
